// Jest Snapshot v1, https://goo.gl/fbAQLP

exports[`UniswapV3Pool gas tests fee is off #burn above current price burn entire position after some time passes 1`] = `55941`;

exports[`UniswapV3Pool gas tests fee is off #burn above current price burn when only position using ticks 1`] = `55941`;

exports[`UniswapV3Pool gas tests fee is off #burn above current price entire position burn but other positions are using the ticks 1`] = `77179`;

exports[`UniswapV3Pool gas tests fee is off #burn above current price partial position burn 1`] = `92179`;

exports[`UniswapV3Pool gas tests fee is off #burn around current price burn entire position after some time passes 1`] = `64305`;

exports[`UniswapV3Pool gas tests fee is off #burn around current price burn when only position using ticks 1`] = `64305`;

exports[`UniswapV3Pool gas tests fee is off #burn around current price entire position burn but other positions are using the ticks 1`] = `83508`;

exports[`UniswapV3Pool gas tests fee is off #burn around current price partial position burn 1`] = `98508`;

exports[`UniswapV3Pool gas tests fee is off #burn below current price burn entire position after some time passes 1`] = `61861`;

exports[`UniswapV3Pool gas tests fee is off #burn below current price burn when only position using ticks 1`] = `61861`;

exports[`UniswapV3Pool gas tests fee is off #burn below current price entire position burn but other positions are using the ticks 1`] = `77820`;

exports[`UniswapV3Pool gas tests fee is off #burn below current price partial position burn 1`] = `92820`;

exports[`UniswapV3Pool gas tests fee is off #collect close to worst case 1`] = `35816`;

exports[`UniswapV3Pool gas tests fee is off #mint above current price add to position after some time passes 1`] = `103802`;

exports[`UniswapV3Pool gas tests fee is off #mint above current price add to position existing 1`] = `103802`;

exports[`UniswapV3Pool gas tests fee is off #mint above current price new position mint first in range 1`] = `222470`;

exports[`UniswapV3Pool gas tests fee is off #mint above current price second position in same range 1`] = `120902`;

exports[`UniswapV3Pool gas tests fee is off #mint around current price add to position after some time passes 1`] = `134486`;

exports[`UniswapV3Pool gas tests fee is off #mint around current price add to position existing 1`] = `134486`;

exports[`UniswapV3Pool gas tests fee is off #mint around current price new position mint first in range 1`] = `315520`;

exports[`UniswapV3Pool gas tests fee is off #mint around current price second position in same range 1`] = `151586`;

exports[`UniswapV3Pool gas tests fee is off #mint below current price add to position after some time passes 1`] = `104372`;

exports[`UniswapV3Pool gas tests fee is off #mint below current price add to position existing 1`] = `104372`;

exports[`UniswapV3Pool gas tests fee is off #mint below current price new position mint first in range 1`] = `303972`;

exports[`UniswapV3Pool gas tests fee is off #mint below current price second position in same range 1`] = `121472`;

exports[`UniswapV3Pool gas tests fee is off #poke best case 1`] = `51848`;

exports[`UniswapV3Pool gas tests fee is off #swapExact0For1 first swap in block moves tick, no initialized crossings 1`] = `106089`;

exports[`UniswapV3Pool gas tests fee is off #swapExact0For1 first swap in block with no tick movement 1`] = `98806`;

exports[`UniswapV3Pool gas tests fee is off #swapExact0For1 first swap in block, large swap crossing a single initialized tick 1`] = `119667`;

exports[`UniswapV3Pool gas tests fee is off #swapExact0For1 first swap in block, large swap crossing several initialized ticks 1`] = `141783`;

exports[`UniswapV3Pool gas tests fee is off #swapExact0For1 first swap in block, large swap, no initialized crossings 1`] = `120699`;

exports[`UniswapV3Pool gas tests fee is off #swapExact0For1 large swap crossing several initialized ticks after some time passes 1`] = `141783`;

exports[`UniswapV3Pool gas tests fee is off #swapExact0For1 large swap crossing several initialized ticks second time after some time passes 1`] = `201783`;

exports[`UniswapV3Pool gas tests fee is off #swapExact0For1 second swap in block moves tick, no initialized crossings 1`] = `106089`;

exports[`UniswapV3Pool gas tests fee is off #swapExact0For1 second swap in block with no tick movement 1`] = `98917`;

exports[`UniswapV3Pool gas tests fee is off #swapExact0For1 second swap in block, large swap crossing a single initialized tick 1`] = `112632`;

exports[`UniswapV3Pool gas tests fee is off #swapExact0For1 second swap in block, large swap crossing several initialized ticks 1`] = `134727`;

exports[`UniswapV3Pool gas tests fee is on #burn above current price burn entire position after some time passes 1`] = `55941`;

exports[`UniswapV3Pool gas tests fee is on #burn above current price burn when only position using ticks 1`] = `55941`;

exports[`UniswapV3Pool gas tests fee is on #burn above current price entire position burn but other positions are using the ticks 1`] = `77179`;

exports[`UniswapV3Pool gas tests fee is on #burn above current price partial position burn 1`] = `92179`;

exports[`UniswapV3Pool gas tests fee is on #burn around current price burn entire position after some time passes 1`] = `64305`;

exports[`UniswapV3Pool gas tests fee is on #burn around current price burn when only position using ticks 1`] = `64305`;

exports[`UniswapV3Pool gas tests fee is on #burn around current price entire position burn but other positions are using the ticks 1`] = `83508`;

exports[`UniswapV3Pool gas tests fee is on #burn around current price partial position burn 1`] = `98508`;

exports[`UniswapV3Pool gas tests fee is on #burn below current price burn entire position after some time passes 1`] = `61861`;

exports[`UniswapV3Pool gas tests fee is on #burn below current price burn when only position using ticks 1`] = `61861`;

exports[`UniswapV3Pool gas tests fee is on #burn below current price entire position burn but other positions are using the ticks 1`] = `77820`;

exports[`UniswapV3Pool gas tests fee is on #burn below current price partial position burn 1`] = `92820`;

exports[`UniswapV3Pool gas tests fee is on #collect close to worst case 1`] = `35816`;

exports[`UniswapV3Pool gas tests fee is on #mint above current price add to position after some time passes 1`] = `103802`;

exports[`UniswapV3Pool gas tests fee is on #mint above current price add to position existing 1`] = `103802`;

exports[`UniswapV3Pool gas tests fee is on #mint above current price new position mint first in range 1`] = `222470`;

exports[`UniswapV3Pool gas tests fee is on #mint above current price second position in same range 1`] = `120902`;

exports[`UniswapV3Pool gas tests fee is on #mint around current price add to position after some time passes 1`] = `134486`;

exports[`UniswapV3Pool gas tests fee is on #mint around current price add to position existing 1`] = `134486`;

exports[`UniswapV3Pool gas tests fee is on #mint around current price new position mint first in range 1`] = `315520`;

exports[`UniswapV3Pool gas tests fee is on #mint around current price second position in same range 1`] = `151586`;

exports[`UniswapV3Pool gas tests fee is on #mint below current price add to position after some time passes 1`] = `104372`;

exports[`UniswapV3Pool gas tests fee is on #mint below current price add to position existing 1`] = `104372`;

exports[`UniswapV3Pool gas tests fee is on #mint below current price new position mint first in range 1`] = `303972`;

exports[`UniswapV3Pool gas tests fee is on #mint below current price second position in same range 1`] = `121472`;

exports[`UniswapV3Pool gas tests fee is on #poke best case 1`] = `51848`;

exports[`UniswapV3Pool gas tests fee is on #swapExact0For1 first swap in block moves tick, no initialized crossings 1`] = `111476`;

exports[`UniswapV3Pool gas tests fee is on #swapExact0For1 first swap in block with no tick movement 1`] = `104046`;

exports[`UniswapV3Pool gas tests fee is on #swapExact0For1 first swap in block, large swap crossing a single initialized tick 1`] = `125201`;

exports[`UniswapV3Pool gas tests fee is on #swapExact0For1 first swap in block, large swap crossing several initialized ticks 1`] = `147758`;

exports[`UniswapV3Pool gas tests fee is on #swapExact0For1 first swap in block, large swap, no initialized crossings 1`] = `126380`;

exports[`UniswapV3Pool gas tests fee is on #swapExact0For1 large swap crossing several initialized ticks after some time passes 1`] = `147758`;

exports[`UniswapV3Pool gas tests fee is on #swapExact0For1 large swap crossing several initialized ticks second time after some time passes 1`] = `207758`;

exports[`UniswapV3Pool gas tests fee is on #swapExact0For1 second swap in block moves tick, no initialized crossings 1`] = `111476`;

exports[`UniswapV3Pool gas tests fee is on #swapExact0For1 second swap in block with no tick movement 1`] = `104157`;

exports[`UniswapV3Pool gas tests fee is on #swapExact0For1 second swap in block, large swap crossing a single initialized tick 1`] = `118019`;

exports[`UniswapV3Pool gas tests fee is on #swapExact0For1 second swap in block, large swap crossing several initialized ticks 1`] = `140555`;
